// Jest Snapshot v1, https://goo.gl/fbAQLP

exports[`components/Dropdown/DropdownHeader should render a Dropdown Header 1`] = `
".a {
  color: #6c757d;
}
.b {
  display: block;
}
.c {
  font-size: 0.875rem;
}
.d {
  margin-bottom: 0;
}
.e {
  white-space: nowrap;
}
.f {
  padding-top: 0.5rem;
}
.g {
  padding-right: 1rem;
}
.h {
  padding-bottom: 0.5rem;
}
.i {
  padding-left: 1rem;
}
.j {
  color: inherit;
}
.k {
  font-weight: 500;
}
.l {
  font-size: 1rem;
}
.m {
  line-height: 1.2;
}
.n {
  margin-top: 0;
}
.o {
  margin-bottom: 0.5rem;
}
@media (min-width: 1200px) {
  .p {
    font-size: 1rem;
  }
}


<li data-testid="dropdown-header-item">
  <h6 class="a b c d e f g h i dropdown-header" data-testid="dropdown-header">
    Dropdown Header
  </h6>
</li>
;
"
`;
