// Jest Snapshot v1, https://goo.gl/fbAQLP

exports[`components/Navbar/NavbarCollapse/NavbarText should render a navbar text 1`] = `
".a {
  padding-top: 0.5rem;
}
.b {
  padding-bottom: 0.5rem;
}
.c {
  color: rgba(0, 0, 0, 0.65);
}


<span data-testid="navbar-text" class="a b c navbar-text">Navbar Text</span>;
"
`;
