// Jest Snapshot v1, https://goo.gl/fbAQLP

exports[`components/Icons/UnfoldIcon should render the unfold icon 1`] = `
".a {
  width: 1em;
}
.b {
  height: 1em;
}
.c {
  vertical-align: -0.3em;
}
.d {
  fill: currentcolor;
}
.e {
  margin-left: 0.5rem !important;
}


<svg class="a b c d e" aria-hidden="true">
  <path
    fill-rule="evenodd"
    d="M3.646 9.146a.5.5 0 0 1 .708 0L8 12.793l3.646-3.647a.5.5 0 0 1 .708.708l-4 4a.5.5 0 0 1-.708 0l-4-4a.5.5 0 0 1 0-.708zm0-2.292a.5.5 0 0 0 .708 0L8 3.207l3.646 3.647a.5.5 0 0 0 .708-.708l-4-4a.5.5 0 0 0-.708 0l-4 4a.5.5 0 0 0 0 .708z"
  ></path></svg
>;
"
`;
